Archive member included because of file (symbol)

/opt/mipsel-linux-uclibc/usr/lib/libm.a(s_floor.os)
                              Pico/sound/ym2612.o (floor)
/opt/mipsel-linux-uclibc/usr/lib/libm.a(s_sin.os)
                              Pico/sound/ym2612.o (sin)
/opt/mipsel-linux-uclibc/usr/lib/libm.a(w_log.os)
                              Pico/sound/ym2612.o (log)
/opt/mipsel-linux-uclibc/usr/lib/libm.a(w_pow.os)
                              Pico/sound/ym2612.o (pow)
/opt/mipsel-linux-uclibc/usr/lib/libm.a(e_log.os)
                              /opt/mipsel-linux-uclibc/usr/lib/libm.a(w_log.os) (__ieee754_log)
/opt/mipsel-linux-uclibc/usr/lib/libm.a(e_pow.os)
                              /opt/mipsel-linux-uclibc/usr/lib/libm.a(w_pow.os) (__ieee754_pow)
/opt/mipsel-linux-uclibc/usr/lib/libm.a(e_rem_pio2.os)
                              /opt/mipsel-linux-uclibc/usr/lib/libm.a(s_sin.os) (__ieee754_rem_pio2)
/opt/mipsel-linux-uclibc/usr/lib/libm.a(e_sqrt.os)
                              /opt/mipsel-linux-uclibc/usr/lib/libm.a(e_pow.os) (__ieee754_sqrt)
/opt/mipsel-linux-uclibc/usr/lib/libm.a(k_cos.os)
                              /opt/mipsel-linux-uclibc/usr/lib/libm.a(s_sin.os) (__kernel_cos)
/opt/mipsel-linux-uclibc/usr/lib/libm.a(k_rem_pio2.os)
                              /opt/mipsel-linux-uclibc/usr/lib/libm.a(e_rem_pio2.os) (__kernel_rem_pio2)
/opt/mipsel-linux-uclibc/usr/lib/libm.a(k_sin.os)
                              /opt/mipsel-linux-uclibc/usr/lib/libm.a(s_sin.os) (__kernel_sin)
/opt/mipsel-linux-uclibc/usr/lib/libm.a(s_fabs.os)
                              /opt/mipsel-linux-uclibc/usr/lib/libm.a(e_pow.os) (__GI_fabs)
/opt/mipsel-linux-uclibc/usr/lib/libm.a(s_scalbn.os)
                              /opt/mipsel-linux-uclibc/usr/lib/libm.a(e_pow.os) (__GI_scalbn)
/opt/mipsel-linux-uclibc/usr/lib/libm.a(s_copysign.os)
                              /opt/mipsel-linux-uclibc/usr/lib/libm.a(s_scalbn.os) (__GI_copysign)
/opt/mipsel-linux-uclibc/usr/lib/libpng.a(libpng12_la-png.o)
                              platform/common/readpng.o (png_init_io)
/opt/mipsel-linux-uclibc/usr/lib/libpng.a(libpng12_la-pngget.o)
                              platform/common/readpng.o (png_get_rows)
/opt/mipsel-linux-uclibc/usr/lib/libpng.a(libpng12_la-pngread.o)
                              platform/common/readpng.o (png_destroy_read_struct)
/opt/mipsel-linux-uclibc/usr/lib/libpng.a(libpng12_la-pngrio.o)
                              /opt/mipsel-linux-uclibc/usr/lib/libpng.a(libpng12_la-pngread.o) (png_set_read_fn)
/opt/mipsel-linux-uclibc/usr/lib/libpng.a(libpng12_la-pngrtran.o)
                              /opt/mipsel-linux-uclibc/usr/lib/libpng.a(libpng12_la-pngread.o) (png_set_strip_16)
/opt/mipsel-linux-uclibc/usr/lib/libpng.a(libpng12_la-pngmem.o)
                              /opt/mipsel-linux-uclibc/usr/lib/libpng.a(libpng12_la-pngread.o) (png_set_mem_fn)
/opt/mipsel-linux-uclibc/usr/lib/libpng.a(libpng12_la-pngerror.o)
                              /opt/mipsel-linux-uclibc/usr/lib/libpng.a(libpng12_la-pngread.o) (png_set_error_fn)
/opt/mipsel-linux-uclibc/usr/lib/libpng.a(libpng12_la-pngrutil.o)
                              /opt/mipsel-linux-uclibc/usr/lib/libpng.a(libpng12_la-pngread.o) (png_read_start_row)
/opt/mipsel-linux-uclibc/usr/lib/libpng.a(libpng12_la-pngtrans.o)
                              /opt/mipsel-linux-uclibc/usr/lib/libpng.a(libpng12_la-pngread.o) (png_set_bgr)
/opt/mipsel-linux-uclibc/usr/lib/libpng.a(libpng12_la-pngset.o)
                              /opt/mipsel-linux-uclibc/usr/lib/libpng.a(libpng12_la-pngrutil.o) (png_set_cHRM)
/opt/mipsel-linux-uclibc/usr/bin/../lib/gcc/mipsel-linux-uclibc/4.3.3/libgcc.a(_fixunssfsi.o)
                              Pico/cd/pcm.o (__fixunssfsi)
/opt/mipsel-linux-uclibc/usr/bin/../lib/gcc/mipsel-linux-uclibc/4.3.3/libgcc.a(_fixunsdfsi.o)
                              Pico/sound/sn76496.o (__fixunsdfsi)
/opt/mipsel-linux-uclibc/usr/bin/../lib/gcc/mipsel-linux-uclibc/4.3.3/libgcc.a(_addsub_sf.o)
                              Pico/cd/pcm.o (__subsf3)
/opt/mipsel-linux-uclibc/usr/bin/../lib/gcc/mipsel-linux-uclibc/4.3.3/libgcc.a(_mul_sf.o)
                              Pico/cd/pcm.o (__mulsf3)
/opt/mipsel-linux-uclibc/usr/bin/../lib/gcc/mipsel-linux-uclibc/4.3.3/libgcc.a(_div_sf.o)
                              /opt/mipsel-linux-uclibc/usr/lib/libpng.a(libpng12_la-pngget.o) (__divsf3)
/opt/mipsel-linux-uclibc/usr/bin/../lib/gcc/mipsel-linux-uclibc/4.3.3/libgcc.a(_ne_sf.o)
                              /opt/mipsel-linux-uclibc/usr/lib/libpng.a(libpng12_la-pngrtran.o) (__nesf2)
/opt/mipsel-linux-uclibc/usr/bin/../lib/gcc/mipsel-linux-uclibc/4.3.3/libgcc.a(_ge_sf.o)
                              Pico/cd/pcm.o (__gesf2)
/opt/mipsel-linux-uclibc/usr/bin/../lib/gcc/mipsel-linux-uclibc/4.3.3/libgcc.a(_si_to_sf.o)
                              Pico/cd/pcm.o (__floatsisf)
[...]
Memory Configuration

Name             Origin             Length             Attributes
*default*        0x0000000000000000 0xffffffffffffffff

Linker script and memory map

LOAD /opt/mipsel-linux-uclibc/usr/lib/crt1.o
LOAD /opt/mipsel-linux-uclibc/usr/lib/crti.o
LOAD /opt/mipsel-linux-uclibc/usr/bin/../lib/gcc/mipsel-linux-uclibc/4.3.3/crtbeginT.o
LOAD platform/gp2x/main.o
LOAD platform/gp2x/menu.o
LOAD platform/gp2x/emu.o
LOAD platform/gp2x/usbjoy.o
LOAD blit.o
LOAD gp2x.o
LOAD log_io.o
LOAD platform/common/emu.o
LOAD platform/common/menu.o
LOAD platform/common/fonts.o
LOAD platform/common/readpng.o
LOAD platform/common/mp3_helix.o
LOAD Pico/Area.o
LOAD Pico/Cart.o
LOAD Pico/Memory.o
LOAD Pico/Misc.o
LOAD Pico/Pico.o
LOAD Pico/Sek.o
LOAD Pico/VideoPort.o
LOAD Pico/Draw2.o
LOAD Pico/Draw.o
LOAD Pico/Patch.o
LOAD Pico/cd/Pico.o
LOAD Pico/cd/Memory.o
LOAD Pico/cd/Sek.o
LOAD Pico/cd/LC89510.o
LOAD Pico/cd/cd_sys.o
LOAD Pico/cd/cd_file.o
LOAD Pico/cd/gfx_cd.o
LOAD Pico/cd/Area.o
LOAD Pico/cd/Misc.o
LOAD Pico/cd/pcm.o
LOAD Pico/cd/buffering.o
LOAD Pico/sound/sound.o
LOAD Pico/sound/sn76496.o
LOAD Pico/sound/ym2612.o
LOAD Pico/sound/mix.o
LOAD zlib/gzio.o
LOAD zlib/inffast.o
LOAD zlib/inflate.o
LOAD zlib/inftrees.o
LOAD zlib/trees.o
LOAD zlib/deflate.o
LOAD zlib/crc32.o
LOAD zlib/adler32.o
LOAD zlib/zutil.o
LOAD zlib/compress.o
LOAD zlib/uncompr.o
LOAD unzip/unzip.o
LOAD unzip/unzip_stream.o
LOAD cpu/musashi/m68kops.o
LOAD cpu/musashi/m68kcpu.o
LOAD cpu/fame/famec.o
LOAD cpu/cz80/cz80.o
LOAD Pico/Debug.o
LOAD cpu/musashi/m68kdasm.o
LOAD /opt/mipsel-linux-uclibc/usr/lib/libm.a
LOAD /opt/mipsel-linux-uclibc/usr/lib/libpng.a
START GROUP
LOAD /opt/mipsel-linux-uclibc/usr/bin/../lib/gcc/mipsel-linux-uclibc/4.3.3/libgcc.a
LOAD /opt/mipsel-linux-uclibc/usr/bin/../lib/gcc/mipsel-linux-uclibc/4.3.3/libgcc_eh.a
LOAD /opt/mipsel-linux-uclibc/usr/lib/libc.a
END GROUP
LOAD /opt/mipsel-linux-uclibc/usr/bin/../lib/gcc/mipsel-linux-uclibc/4.3.3/crtend.o
LOAD /opt/mipsel-linux-uclibc/usr/lib/crtn.o
                0x0000000000400000                PROVIDE (__executable_start, 0x400000)
                0x00000000004000b4                . = (0x400000 + SIZEOF_HEADERS)

.interp
 *(.interp)

.reginfo        0x00000000004000b4       0x18
 *(.reginfo)
 .reginfo       0x00000000004000b4       0x18 /opt/mipsel-linux-uclibc/usr/lib/crt1.o

.note.gnu.build-id
 *(.note.gnu.build-id)

.dynamic
 *(.dynamic)

.hash
 *(.hash)

.gnu.hash
 *(.gnu.hash)

.dynsym
 *(.dynsym)

.dynstr
 *(.dynstr)

.gnu.version
 *(.gnu.version)

.gnu.version_d
 *(.gnu.version_d)

.gnu.version_r
 *(.gnu.version_r)

.rel.dyn        0x00000000004000cc       0xd8
 *(.rel.init)
 *(.rel.text .rel.text.* .rel.gnu.linkonce.t.*)
 *(.rel.fini)
 *(.rel.rodata .rel.rodata.* .rel.gnu.linkonce.r.*)
 *(.rel.data.rel.ro* .rel.gnu.linkonce.d.rel.ro.*)
 *(.rel.data .rel.data.* .rel.gnu.linkonce.d.*)
 *(.rel.tdata .rel.tdata.* .rel.gnu.linkonce.td.*)
 *(.rel.tbss .rel.tbss.* .rel.gnu.linkonce.tb.*)
 *(.rel.ctors)
 *(.rel.dtors)
 *(.rel.got)
 *(.rel.dyn)
 .rel.dyn       0x00000000004000cc       0xd8 /opt/mipsel-linux-uclibc/usr/lib/crt1.o
 *(.rel.sdata .rel.sdata.* .rel.gnu.linkonce.s.*)
 *(.rel.sbss .rel.sbss.* .rel.gnu.linkonce.sb.*)
 *(.rel.sdata2 .rel.sdata2.* .rel.gnu.linkonce.s2.*)
 *(.rel.sbss2 .rel.sbss2.* .rel.gnu.linkonce.sb2.*)
 *(.rel.bss .rel.bss.* .rel.gnu.linkonce.b.*)

.rela.dyn
 *(.rela.init)
 *(.rela.text .rela.text.* .rela.gnu.linkonce.t.*)
 *(.rela.fini)
 *(.rela.rodata .rela.rodata.* .rela.gnu.linkonce.r.*)
 *(.rela.data .rela.data.* .rela.gnu.linkonce.d.*)
 *(.rela.tdata .rela.tdata.* .rela.gnu.linkonce.td.*)
 *(.rela.tbss .rela.tbss.* .rela.gnu.linkonce.tb.*)
 *(.rela.ctors)
 *(.rela.dtors)
 *(.rela.got)
 *(.rela.sdata .rela.sdata.* .rela.gnu.linkonce.s.*)
 *(.rela.sbss .rela.sbss.* .rela.gnu.linkonce.sb.*)
 *(.rela.sdata2 .rela.sdata2.* .rela.gnu.linkonce.s2.*)
 *(.rela.sbss2 .rela.sbss2.* .rela.gnu.linkonce.sb2.*)
 *(.rela.bss .rela.bss.* .rela.gnu.linkonce.b.*)

.rel.plt
 *(.rel.plt)

.rela.plt
 *(.rela.plt)

.init           0x00000000004001a4       0x80
 *(.init)
 .init          0x00000000004001a4       0x1c /opt/mipsel-linux-uclibc/usr/lib/crti.o
                0x00000000004001a4                _init
 .init          0x00000000004001c0       0x2c /opt/mipsel-linux-uclibc/usr/bin/../lib/gcc/mipsel-linux-uclibc/4.3.3/crtbeginT.o
 .init          0x00000000004001ec       0x2c /opt/mipsel-linux-uclibc/usr/bin/../lib/gcc/mipsel-linux-uclibc/4.3.3/crtend.o
 .init          0x0000000000400218        0xc /opt/mipsel-linux-uclibc/usr/lib/crtn.o

.plt
 *(.plt)

.text           0x0000000000400230   0x171c10
                0x0000000000400230                _ftext = .
 *(.text .stub .text.* .gnu.linkonce.t.*)
 .text          0x0000000000400230       0x60 /opt/mipsel-linux-uclibc/usr/lib/crt1.o
                0x0000000000400230                __start
 .text          0x0000000000400290        0x0 /opt/mipsel-linux-uclibc/usr/lib/crti.o
 .text          0x0000000000400290      0x150 /opt/mipsel-linux-uclibc/usr/bin/../lib/gcc/mipsel-linux-uclibc/4.3.3/crtbeginT.o
 .text          0x00000000004003e0      0x570 platform/gp2x/main.o
                0x00000000004003e0                parse_cmd_line
                0x0000000000400684                main
 .text          0x0000000000400950     0x8930 platform/gp2x/menu.o
                0x0000000000409038                menu_loop
                0x0000000000404d04                menu_loop_tray
                0x0000000000401624                menu_romload_prepare
                0x0000000000401a64                menu_romload_end
 .text          0x0000000000409280     0x4600 platform/gp2x/emu.o
                0x0000000000409320                emu_ResetGame
                0x000000000040c25c                emu_Loop
                0x00000000004097e0                osd_text
                0x0000000000409720                emu_forcedFrame
                0x0000000000409b84                emu_Deinit
                0x0000000000409458                emu_noticeMsgUpdated
                0x0000000000409d14                emu_Init
                0x0000000000409e08                emu_getMainDir
                0x000000000040935c                emu_setDefaultConfig
 .text          0x000000000040d880     0x1070 platform/gp2x/usbjoy.o
                0x000000000040dae8                gp2x_usbjoy_check2
                0x000000000040e4e8                joy_open
                0x000000000040e6e8                gp2x_usbjoy_init
                0x000000000040d8ac                joy_axes
                0x000000000040d880                joy_name
                0x000000000040d8f4                joy_getaxe
                0x000000000040e850                gp2x_usbjoy_deinit
                0x000000000040d8c0                joy_getbutton
                0x000000000040d88c                joy_device
                0x000000000040dd5c                joy_update
                0x000000000040d898                joy_buttons
                0x000000000040e47c                gp2x_usbjoy_update
                0x000000000040dd04                joy_close
                0x000000000040d924                gp2x_usbjoy_check
 .text          0x000000000040e8f0      0xe00 blit.o
                0x000000000040f3fc                vidCpyM2_32col_nobord
                0x000000000040eca0                vidConvCpyRGB32hi
                0x000000000040e8f0                vidConvCpyRGB32
                0x000000000040f114                vidCpyM2_32col
                0x000000000040ee5c                vidCpyM2_40col
                0x000000000040ea84                vidConvCpyRGB32sh
 .text          0x000000000040f6f0     0x16c0 gp2x.o
                0x000000000040fa38                gp2x_sound_sync
                0x000000000040fa0c                spend_cycles
                0x000000000040facc                gp2x_sound_write
                0x000000000040f900                gp2x_video_changemode
                0x000000000040f6f0                InGraphicsMode
                0x000000000040fa5c                gp2x_sound_volume
                0x000000000040f964                Pause940
                0x000000000040f9d4                set_gamma
                0x000000000040f918                gp2x_video_flush_cache
                0x000000000040f9b4                cpuctrl_deinit
                0x00000000004104ac                EnterGraphicsMode
                0x0000000000410300                pll_init
                0x000000000040faf0                gp2x_start_sound
                0x000000000040f9bc                Disable_940
                0x000000000040fd7c                gp2x_memcpy_buffers
                0x0000000000410b54                gp2x_deinit
                0x000000000040f9cc                set_RAM_Timings
                0x00000000004103a0                set_FCLK
                0x000000000040fd18                gp2x_pd_clone_buffer2
                0x000000000040f9ec                mmuhack
                0x000000000040f920                gp2x_video_RGB_setscaling
                0x000000000040f90c                gp2x_video_changemode2
                0x000000000040f9fc                lprintf
                0x000000000040fea4                OpenKeyboard
                0x000000000040f974                sdram_convert
                0x000000000040fda8                gp2x_video_setpalette
                0x00000000004103c0                CloseKeyboard
                0x000000000040f928                gp2x_joystick_read
                0x0000000000410770                gp2x_init
                0x000000000040f9dc                set_LCD_custom_rate
                0x000000000040f718                gp2x_video_flip
                0x000000000040f96c                Reset940
                0x000000000040f9c4                gp2x_video_wait_vsync
                0x000000000040fd58                gp2x_memcpy_all_buffers
                0x0000000000410118                gp2x_video_flip2
                0x000000000040fdcc                LeaveGraphicsMode
                0x000000000040fd3c                gp2x_memset_all_buffers
                0x000000000040f9e4                unset_LCD_custom_rate
                0x000000000040f9f4                mmuunhack
                0x000000000040f9ac                cpuctrl_init
 .text          0x0000000000410db0      0x7c0 log_io.o
                0x0000000000411358                log_io_dump
                0x0000000000410ee0                log_io
                0x0000000000410db0                log_io_clear
 .text          0x0000000000411570     0x2f40 platform/common/emu.o
                0x000000000041447c                emu_checkSaveFile
                0x00000000004125ac                emu_ReadConfig
                0x0000000000412b14                emu_findBios
                0x0000000000412334                emu_WriteConfig
                0x000000000041293c                emu_cdCheck
                0x0000000000412e04                emu_GetSaveFName
                0x00000000004137ac                emu_ReloadRom
                0x00000000004120ec                emu_updateMovie
                0x0000000000413100                emu_SaveLoadGame
                0x0000000000411938                emu_textOut8
                0x0000000000411658                emu_textOut16
                0x0000000000411570                emu_setSaveStateCbs
 .text          0x00000000004144b0     0x2ca0 platform/common/menu.o
                0x0000000000416c24                me_process
                0x0000000000414800                me_index2id
                0x0000000000416a08                me_enable
                0x000000000041468c                me_count_enabled
                0x0000000000416050                text_out16
                0x0000000000415d60                menu_draw_selection
                0x0000000000414a2c                me_id2offset
                0x0000000000414bd4                menu_init
                0x00000000004160d0                me_draw
                0x00000000004144b0                smalltext_out16
                0x0000000000416ee4                smalltext_out16_lim
 .text          0x0000000000417150        0x0 platform/common/fonts.o
 .text          0x0000000000417150      0x690 platform/common/readpng.o
                0x0000000000417150                readpng
 .text          0x00000000004177e0       0x30 platform/common/mp3_helix.o
                0x00000000004177f0                mp3_start_play
                0x00000000004177e8                mp3_start_local
                0x00000000004177f8                mp3_get_offset
                0x0000000000417800                mp3_update
                0x00000000004177e0                mp3_get_bitrate
 .text          0x0000000000417810      0x880 Pico/Area.o
                0x0000000000417810                PicoAreaUnpackCpu
                0x0000000000417b40                PmovState
                0x00000000004179a0                PicoAreaPackCpu
 .text          0x0000000000418090     0x2330 Pico/Cart.o
                0x00000000004181ac                PicoUnloadCart
                0x0000000000419b5c                PicoCartDetect
                0x0000000000418090                Byteswap
                0x0000000000418730                pm_read
                0x000000000041849c                pm_close
                0x0000000000418574                pm_seek
                0x000000000041a308                PicoCartInsert
                0x000000000041962c                pm_open
                0x0000000000418bbc                PicoCartLoad
 .text          0x000000000041a3c0     0x2ae0 Pico/Memory.o
                0x000000000041a3c8                PicoMemReset
                0x000000000041c2b8                m68k_read_disassembler_32
                0x000000000041cb38                PicoWrite16
                0x000000000041a3c0                PicoInitPc
                0x000000000041add4                m68k_write_memory_32
                0x000000000041ad04                m68k_read_memory_16
                0x000000000041ada8                m68k_write_memory_16
                0x000000000041ae00                m68k_read_memory_32
                0x000000000041b914                z80_write
                0x000000000041c36c                m68k_read_immediate_32
                0x000000000041c140                m68k_read_pcrelative_16
                0x000000000041c21c                m68k_read_disassembler_16
                0x000000000041baac                PicoRead16
                0x000000000041c064                m68k_read_pcrelative_8
                0x000000000041aa40                PicoMemSetup
                0x000000000041ac90                m68k_read_memory_8
                0x000000000041c420                m68k_read_pcrelative_32
                0x000000000041cbc4                z80_read
                0x000000000041bdbc                PicoRead32
                0x000000000041af00                m68k_read_immediate_16
                0x000000000041bbd0                PicoRead8
                0x000000000041a3d0                PadRead
                0x000000000041b300                PicoWrite8
                0x000000000041ad7c                m68k_write_memory_8
                0x000000000041af9c                m68k_read_disassembler_8
 .text          0x000000000041cea0     0x1b30 Pico/Misc.o
                0x000000000041d404                memset32
                0x000000000041cea0                SRAMUpdPending
                0x000000000041d67c                SRAMWriteEEPROM
                0x000000000041e114                memcpy16
                0x000000000041d128                memcpy32
                0x000000000041cf20                memcpy16bswap
                0x000000000041de9c                memset32_uncached
                0x000000000041dbc0                SRAMReadEEPROM
 .text          0x000000000041e9d0     0x2340 Pico/Pico.o
                0x000000000041e9d0                CheckDMA
                0x000000000041f014                PicoReset
                0x000000000041f510                PicoExit
                0x000000000041ef48                PicoFrameDrawOnly
                0x000000000041f588                PicoInit
                0x000000000041eaac                debugString
                0x000000000041f958                PicoFrame
 .text          0x0000000000420d10      0x2e0 Pico/Sek.o
                0x0000000000420e4c                SekReset
                0x0000000000420ee0                SekInit
                0x0000000000420df8                SekState
                0x0000000000420df0                SekSetRealTAS
 .text          0x0000000000420ff0     0x1660 Pico/VideoPort.o
                0x0000000000420ff0                PicoVideoRead
                0x0000000000421b90                PicoVideoWrite
 .text          0x0000000000422650     0x3b40 Pico/Draw2.o
                0x0000000000425cdc                PicoFrameFull
 .text          0x0000000000426190     0x6260 Pico/Draw.o
                0x0000000000426190                blockcpy_or
                0x000000000042b3c4                DrawStripVSRam
                0x000000000042816c                PicoFrameStart
                0x000000000042bff4                PicoLine
                0x000000000042822c                PicoDrawSetColorFormat
 .text          0x000000000042c3f0     0x1b70 Pico/Patch.o
                0x000000000042c644                PicoPatchPrepare
                0x000000000042c788                PicoPatchLoad
                0x000000000042c3f0                PicoPatchApply
                0x000000000042c738                PicoPatchUnload
 .text          0x000000000042df60     0x1420 Pico/cd/Pico.o
                0x000000000042df60                PicoResetMCD
                0x000000000042e24c                PicoInitMCD
                0x000000000042e290                PicoFrameMCD
                0x000000000042e238                PicoExitMCD
 .text          0x000000000042f380     0x4970 Pico/cd/Memory.o
                0x000000000042f58c                PicoMemSetupCD
                0x00000000004310a0                PicoWriteM68k8
                0x000000000042f4e4                PicoMemResetCD
                0x000000000042fb8c                m68k_read_pcrelative_CD16
                0x0000000000433cb8                PicoWriteCD16w
                0x0000000000432ec4                PicoReadCD16w
                0x000000000042f914                m68k_read_pcrelative_CD32
                0x0000000000433a08                PicoWriteCD32w
                0x0000000000432f24                PicoReadM68k8
                0x0000000000432c00                PicoReadCD32w
                0x000000000042fde8                m68k_read_pcrelative_CD8
                0x0000000000431694                PicoWriteCD8w
                0x00000000004332a8                PicoReadCD8w
 .text          0x0000000000433cf0      0x290 Pico/cd/Sek.o
                0x0000000000433dd8                SekResetS68k
                0x0000000000433e94                SekInitS68k
                0x0000000000433d78                SekInterruptS68k
 .text          0x0000000000433f80      0xfe0 Pico/cd/LC89510.o
                0x0000000000434684                CDC_Write_Reg
                0x000000000043426c                CDD_Import_Command
                0x0000000000434e30                LC89510_Reset
                0x0000000000434988                CDC_Update_Header
                0x0000000000434524                Read_CDC_Host
                0x0000000000434b54                Update_CDC_TRansfer
                0x0000000000433f80                CDC_Read_Reg
                0x0000000000434450                CDD_Export_Status
 .text          0x0000000000434f60     0x2920 Pico/cd/cd_sys.o
                0x000000000043533c                Get_Status_CDD_c0
                0x0000000000436390                Play_CDD_c3
                0x00000000004368a0                Resume_CDD_c7
                0x0000000000435fdc                Open_Tray_CDD_cD
                0x0000000000434f60                LBA_to_MSF
                0x0000000000435490                Get_Total_Lenght_CDD_c23
                0x0000000000435eb4                CDD_Def
                0x00000000004353cc                Stop_CDD_c1
                0x0000000000435a9c                Pause_CDD_c6
                0x0000000000435b80                Fast_Foward_CDD_c8
                0x0000000000436100                Stop_CD
                0x00000000004352e0                Reset_CD
                0x000000000043747c                Get_Current_Track_CDD_c22
                0x0000000000436730                Check_CD_Command
                0x000000000043614c                Seek_CDD_c4
                0x00000000004356f8                Get_First_Last_Track_CDD_c24
                0x0000000000436f48                Get_Track_Pos_CDD_c21
                0x0000000000435ddc                CDD_cA
                0x0000000000436698                Insert_CD
                0x0000000000435230                Track_to_LBA
                0x0000000000435830                Get_Track_Adr_CDD_c25
                0x00000000004352d8                Init_CD_Driver
                0x0000000000436d04                Get_Pos_CDD_c20
                0x0000000000436138                End_CD_Driver
                0x0000000000435efc                Close_Tray_CDD_cC
                0x0000000000435cac                Fast_Rewind_CDD_c9
 .text          0x0000000000437880     0x2310 Pico/cd/cd_file.o
                0x0000000000437c30                Unload_ISO
                0x0000000000437880                FILE_Play_CD_LBA
                0x00000000004379b0                FILE_Read_One_LBA_CDC
                0x0000000000437e2c                Load_ISO
 .text          0x0000000000439b90      0xe10 Pico/cd/gfx_cd.o
                0x0000000000439ce0                gfx_cd_update
                0x0000000000439b90                gfx_cd_read
                0x000000000043a37c                gfx_cd_write16
                0x0000000000439cac                gfx_cd_reset
                0x000000000043a5bc                DmaSlowCell
 .text          0x000000000043a9a0     0x1d60 Pico/cd/Area.o
                0x000000000043be74                PicoCdSaveState
                0x000000000043b004                PicoCdLoadState
                0x000000000043aa5c                PicoCdLoadStateGfx
 .text          0x000000000043c700      0x1f0 Pico/cd/Misc.o
                0x000000000043c7f4                wram_1M_to_2M
                0x000000000043c700                wram_2M_to_1M
 .text          0x000000000043c8f0      0x730 Pico/cd/pcm.o
                0x000000000043c8f0                pcm_write
                0x000000000043caf8                pcm_update
                0x000000000043cec0                pcm_set_rate
 .text          0x000000000043d020      0x6b0 Pico/cd/buffering.o
                0x000000000043d564                PicoCDBufferFree
                0x000000000043d614                PicoCDBufferInit
                0x000000000043d020                PicoCDBufferRead
 .text          0x000000000043d6d0     0x1540 Pico/sound/sound.o
                0x000000000043dc7c                PsndRender
                0x000000000043eba8                PsndReset
                0x000000000043dec4                z80_unpack
                0x000000000043dba4                PsndClear
                0x000000000043d980                z80_reset
                0x000000000043da0c                z80_init
                0x000000000043e044                PsndRerate
                0x000000000043d848                z80_exit
                0x000000000043d87c                z80_pack
                0x000000000043d850                z80_debug
                0x000000000043d6d0                Psnd_timers_and_dac
 .text          0x000000000043ec10      0x740 Pico/sound/sn76496.o
                0x000000000043ee9c                SN76496Update
                0x000000000043ec10                SN76496Write
                0x000000000043f174                SN76496_init
 .text          0x000000000043f350     0x7d00 Pico/sound/ym2612.o
                0x0000000000444bf4                YM2612UpdateOne_
                0x0000000000440104                YM2612GetRegs
                0x0000000000440110                YM2612ResetChip_
                0x0000000000440c1c                YM2612Init_
                0x000000000043f974                YM2612Write_
                0x000000000043fdb0                YM2612PicoStateLoad_
 .text          0x0000000000447050      0x8a0 Pico/sound/mix.o
                0x0000000000447558                mix_16h_to_32_s1
                0x0000000000447050                mix_32_to_16l_stereo
                0x0000000000447328                mix_16h_to_32
                0x0000000000447724                mix_16h_to_32_s2
                0x00000000004471a4                mix_32_to_16_mono
 .text          0x00000000004478f0     0x24d0 zlib/gzio.o
                0x0000000000448b4c                gzputc
                0x0000000000448854                gzflush
                0x0000000000447958                gzeof
                0x0000000000447998                gzdirect
                0x000000000044884c                gzopen
                0x0000000000448c94                gzclose
                0x0000000000447d08                gzrewind
                0x0000000000449c20                gzprintf
                0x0000000000449790                gzseek
                0x00000000004478f0                gzungetc
                0x0000000000447bcc                gzwrite
                0x0000000000448264                destroy
                0x00000000004487d4                gzdopen
                0x00000000004483a0                gzsetparams
                0x00000000004479c0                gzclearerr
                0x00000000004479f8                gzerror
                0x00000000004499e8                gztell
                0x00000000004499f4                gzgets
                0x0000000000449be4                gzgetc
                0x00000000004493d0                gzread
                0x0000000000448a00                gzputs
 .text          0x0000000000449dc0      0xc70 zlib/inffast.o
                0x0000000000449dc0                inflate_fast
 .text          0x000000000044aa30     0x60b0 zlib/inflate.o
                0x000000000044aa30                inflateReset
                0x000000000044ac24                inflateEnd
                0x000000000044aca0                inflateGetHeader
                0x000000000044ab00                inflateInit2_
                0x000000000044b74c                inflate
                0x000000000044acd8                inflateSync
                0x000000000044b5d8                inflateSetDictionary
                0x0000000000450a08                inflateInit_
                0x000000000044aaa0                inflatePrime
                0x000000000044b188                inflateSyncPoint
                0x000000000044b1c0                inflateCopy
 .text          0x0000000000450ae0      0xf40 zlib/inftrees.o
                0x0000000000450ae0                inflate_table
 .text          0x0000000000451a20     0x3a60 zlib/trees.o
                0x0000000000452634                _tr_align
                0x000000000045229c                _tr_stored_block
                0x0000000000451a20                _tr_init
                0x00000000004529d8                _tr_tally
                0x0000000000454154                _tr_flush_block
 .text          0x0000000000455480     0x4010 zlib/deflate.o
                0x00000000004562c8                deflate
                0x00000000004574fc                deflateInit_
                0x0000000000455480                deflateSetHeader
                0x000000000045551c                deflateEnd
                0x0000000000457018                deflateBound
                0x0000000000457074                deflateReset
                0x00000000004554e8                deflateTune
                0x00000000004554b4                deflatePrime
                0x000000000045564c                deflateCopy
                0x0000000000457200                deflateInit2_
                0x0000000000455f88                deflateSetDictionary
                0x0000000000456ee4                deflateParams
 .text          0x0000000000459490     0x1500 zlib/crc32.o
                0x000000000045949c                crc32
                0x000000000045a6b0                crc32_combine
                0x0000000000459490                get_crc_table
 .text          0x000000000045a990      0x6c0 zlib/adler32.o
                0x000000000045af74                adler32_combine
                0x000000000045a990                adler32
 .text          0x000000000045b050       0x60 zlib/zutil.o
                0x000000000045b064                zError
                0x000000000045b098                zcalloc
                0x000000000045b05c                zlibCompileFlags
                0x000000000045b050                zlibVersion
                0x000000000045b084                zcfree
 .text          0x000000000045b0b0      0x1d0 zlib/compress.o
                0x000000000045b1a4                compress
                0x000000000045b0c8                compress2
                0x000000000045b0b0                compressBound
 .text          0x000000000045b280      0x120 zlib/uncompr.o
                0x000000000045b280                uncompress
 .text          0x000000000045b3a0     0x1030 unzip/unzip.o
                0x000000000045b5a8                suspendzip
                0x000000000045b504                readcompresszip
                0x000000000045b5f0                closezip
                0x000000000045b67c                readzip
                0x000000000045b3a8                seekcompresszip
                0x000000000045b9cc                openzip
                0x000000000045c06c                readuncompresszip
                0x000000000045b3a0                rewindzip
 .text          0x000000000045c3d0      0x330 unzip/unzip_stream.o
                0x000000000045c3e4                zip2gz
                0x000000000045c3d0                gzerror2
 .text          0x000000000045c700    0x5d660 cpu/musashi/m68kops.o
                0x0000000000468ca0                m68k_op_sle_8_ai
                0x0000000000493e6c                m68k_op_divs_16_pcix
                0x00000000004678e8                m68k_op_asr_16_ai
                0x0000000000499e88                m68k_op_neg_32_di
                0x000000000047a318                m68k_op_chk2cmp2_16_aw
                0x00000000004b5bcc                m68k_op_move_32_pd_pcdi
                0x000000000047c134                m68k_op_move_32_ix_pd
                0x0000000000499564                m68k_op_ori_32_di
                0x000000000047a190                m68k_op_moves_16_ai
                0x0000000000479a1c                m68k_op_cmp_16_di
                0x00000000004b3c20                m68k_op_dbhi_16
                0x0000000000479ff0                m68k_op_traple
                0x0000000000484a1c                m68k_op_clr_32_al
                0x000000000048863c                m68k_op_move_8_al_pd
                0x000000000047a230                m68k_op_link_32
                0x00000000004affc8                m68k_op_move_8_di_pi
                0x00000000004a3340                m68k_op_and_8_er_i
                0x000000000046eddc                m68k_op_or_16_er_ai
                0x000000000047a450                m68k_op_cas_16_ai
                0x000000000047222c                m68k_op_adda_32_pd
                0x000000000046ccac                m68k_op_addq_8_pi7
                0x000000000047bdb4                m68k_op_move_32_ix_ai
                0x00000000004b1f74                m68k_op_bclr_8_s_ai
                0x0000000000478424                m68k_op_tst_16_aw
                0x000000000046c1cc                m68k_op_bclr_8_r_pd7
                0x0000000000485a54                m68k_op_ori_32_ix
                0x00000000004876dc                m68k_op_subq_8_al
                0x0000000000468f14                m68k_op_slt_8_pd
                0x000000000045c92c                m68k_op_add_32_er_d
                0x00000000004694dc                m68k_op_svs_8_pd
                0x000000000045f740                m68k_op_move_16_d_a
                0x0000000000479ef8                m68k_op_tst_8_i
                0x0000000000479f40                m68k_op_trapvs_32
                0x0000000000467568                m68k_op_asl_16_pi
                0x000000000047a370                m68k_op_chk2cmp2_8_pcix
                0x00000000004662e8                m68k_op_ror_16_pd
                0x00000000004b2450                m68k_op_bchg_8_s_di
                0x00000000004b30f0                m68k_op_andi_8_ai
                0x000000000046b8cc                m68k_op_eor_8_pd7
                0x00000000004989a8                m68k_op_subi_32_di
                0x000000000047a1e0                m68k_op_movec_32_rc
                0x0000000000475034                m68k_op_suba_16_pi
                0x000000000047721c                m68k_op_add_32_er_di
                0x0000000000489f48                m68k_op_sub_8_er_al
                0x0000000000473fe0                m68k_op_abcd_8_mm
                0x000000000045d43c                m68k_op_asr_32_r
                0x000000000048efa0                m68k_op_sub_16_er_pcix
                0x000000000046a960                m68k_op_negx_8_pd7
                0x00000000004a484c                m68k_op_move_16_aw_pd
                0x0000000000465af4                m68k_op_sub_16_re_ai
                0x000000000045ee78                m68k_op_lea_32_ai
                0x000000000045db5c                m68k_op_bcc_8
                0x000000000045e4c4                m68k_op_bchg_32_r_d
                0x000000000047a4a0                m68k_op_callm_32_pcix
                0x000000000046963c                m68k_op_svc_8_pd
                0x000000000045dcb4                m68k_op_bvc_8
                0x00000000004a3050                m68k_op_andi_8_d
                0x0000000000479f20                m68k_op_traplt_32
                0x00000000004ab53c                m68k_op_btst_8_s_pd7
                0x000000000045eebc                m68k_op_lsr_8_s
                0x0000000000476608                m68k_op_tst_32_di
                0x00000000004797b8                m68k_op_or_16_er_di
                0x00000000004b0e44                m68k_op_eor_8_di
                0x0000000000475cb4                m68k_op_move_8_ai_aw
                0x00000000004688dc                m68k_op_sub_8_re_pi7
                0x0000000000483638                m68k_op_move_32_al_i
                0x000000000047a4f8                m68k_op_bftst_32_aw
                0x000000000045dfac                m68k_op_bhi_32
                0x0000000000487cb4                m68k_op_sne_8_al
                0x000000000046baf8                m68k_op_eor_8_pi
                0x0000000000464dd4                m68k_op_eor_32_pd
                0x00000000004aa51c                m68k_op_addi_16_aw
                0x000000000048d880                m68k_op_move_32_pi_ix
                0x0000000000465c84                m68k_op_roxl_16_pi
                0x000000000048746c                m68k_op_addq_16_al
                0x000000000047a210                m68k_op_move_16_frc_pd
                0x0000000000468820                m68k_op_sub_8_re_pd
                0x0000000000479878                m68k_op_move_16_pd_di
                0x0000000000486c78                m68k_op_or_16_re_al
                0x000000000048daf0                m68k_op_and_8_er_ix
                0x000000000047a4d0                m68k_op_callm_32_ai
                0x0000000000479e90                m68k_op_unpk_16_mm
                0x0000000000479f30                m68k_op_trapmi_32
                0x00000000004b593c                m68k_op_move_8_ix_pcdi
                0x000000000048ac84                m68k_op_btst_8_r_pcix
                0x000000000047a2b0                m68k_op_cmpi_32_pcdi
                0x00000000004a9604                m68k_op_eor_16_di
                0x0000000000469760                m68k_op_seq_8_pd7
                0x000000000046ea20                m68k_op_and_32_er_ai
                0x00000000004acdac                m68k_op_slt_8_di
                0x00000000004b5b00                m68k_op_bgt_16
                0x000000000047a0d0                m68k_op_mull_32_i
                0x00000000004a0fcc                m68k_op_move_16_d_i
                0x000000000047a648                m68k_op_bfclr_32_aw
                0x000000000045cd00                m68k_op_addq_32_a
                0x0000000000477584                m68k_op_and_8_er_di
                0x000000000047fb08                m68k_op_move_32_ix_di
                0x00000000004a9460                m68k_op_eori_16_ai
                0x0000000000461b08                m68k_op_sub_32_er_d
                0x000000000047f92c                m68k_op_move_8_ix_pd
                0x00000000004b15fc                m68k_op_bset_8_s_pi
                0x00000000004aade8                m68k_op_move_8_ix_aw
                0x000000000048b7e4                m68k_op_suba_32_ix
                0x00000000004657ec                m68k_op_subq_16_pi
                0x0000000000479fc0                m68k_op_trapeq_16
                0x000000000046f9ec                m68k_op_btst_8_r_pd7
                0x000000000048b8b4                m68k_op_add_32_er_al
                0x000000000047c710                m68k_op_or_32_re_ix
                0x00000000004b9230                m68k_op_move_16_tos_ix
                0x00000000004ad3c4                m68k_op_seq_8_aw
                0x000000000045dc60                m68k_op_beq_8
                0x00000000004a77e8                m68k_op_movem_16_er_ix
                0x00000000004b5f14                m68k_op_move_8_pd_pcdi
                0x000000000046d500                m68k_op_rtr_32
                0x0000000000479f68                m68k_op_trapcc_32
                0x000000000047ee34                m68k_op_move_8_ix_di
                0x00000000004647b0                m68k_op_not_32_pd
                0x0000000000469c20                m68k_op_scc_8_pi
                0x00000000004a2900                m68k_op_btst_32_s_d
                0x0000000000474aa4                m68k_op_muls_16_pd
                0x000000000048ae98                m68k_op_cpdbcc_32
                0x000000000049c9f4                m68k_op_movem_32_re_di
                0x000000000046c9f4                m68k_op_and_8_re_pi
                0x000000000047a4a8                m68k_op_callm_32_pcdi
                0x00000000004a2dd8                m68k_op_andi_32_aw
                0x0000000000499b44                m68k_op_not_32_di
                0x00000000004732e0                m68k_op_cmp_8_pd
                0x00000000004691e0                m68k_op_smi_8_pd7
                0x0000000000482090                m68k_op_add_32_er_pcix
                0x000000000047184c                m68k_op_add_8_er_pi
                0x0000000000467b08                m68k_op_and_16_re_ai
                0x0000000000479ea0                m68k_op_unpk_16_mm_ay7
                0x000000000047a180                m68k_op_moves_16_pd
                0x0000000000468c2c                m68k_op_sle_8_pi
                0x000000000046dc60                m68k_op_or_8_er_ai
                0x000000000048e6d4                m68k_op_or_8_er_ix
                0x000000000046e0dc                m68k_op_move_8_pd7_ai
                0x000000000045f7ec                m68k_op_move_32_d_a
                0x0000000000469058                m68k_op_sge_8_pd7
                0x000000000047a3c8                m68k_op_chk_32_ai
                0x00000000004aa194                m68k_op_and_16_re_di
                0x00000000004ab3d0                m68k_op_btst_8_s_di
                0x000000000046a0e4                m68k_op_sf_8_pi
                0x000000000047a078                m68k_op_trapt_32
                0x0000000000468268                m68k_op_tas_8_pi
                0x000000000047db00                m68k_op_scc_8_ix
                0x000000000046aa00                m68k_op_negx_8_pd
                0x0000000000488d30                m68k_op_and_8_re_al
                0x0000000000476758                m68k_op_sub_32_er_di
                0x000000000048e17c                m68k_op_move_32_al_ix
                0x000000000047a440                m68k_op_cas_16_pd
                0x000000000046fbc8                m68k_op_subx_8_mm_axy7
                0x000000000048a390                m68k_op_reset
                0x000000000047a488                m68k_op_cas_8_pi7
                0x000000000046b980                m68k_op_eor_8_pd
                0x0000000000474610                m68k_op_cmp_16_pd
                0x00000000004b4588                m68k_op_bcs_16
                0x0000000000469a34                m68k_op_scs_8_pd
                0x000000000047a258                m68k_op_divl_32_pcix
                0x000000000045df40                m68k_op_ble_8
                0x000000000048d4d8                m68k_op_movea_16_al
                0x0000000000491404                m68k_op_move_16_toc_ix
                0x00000000004962fc                m68k_op_addi_8_pd
                0x00000000004a9f4c                m68k_op_andi_16_pi
                0x000000000045e818                m68k_op_cmp_16_a
                0x00000000004aa718                m68k_op_addi_16_di
                0x00000000004af52c                m68k_op_move_8_aw_pi7
                0x00000000004a19dc                m68k_op_eor_32_aw
                0x0000000000496a80                m68k_op_movem_32_er_pcix
                0x00000000004b0b10                m68k_op_eori_8_pi7
                0x000000000048639c                m68k_op_move_16_al_aw
                0x0000000000496564                m68k_op_addi_8_ai
                0x00000000004a9bb8                m68k_op_andi_16_aw
                0x000000000045ec9c                m68k_op_exg_32_dd
                0x000000000047e290                m68k_op_clr_8_ix
                0x000000000046921c                m68k_op_smi_8_pd
                0x00000000004a59e8                m68k_op_roxl_16_aw
                0x0000000000460ae8                m68k_op_roxr_16_r
                0x0000000000461498                m68k_op_scs_8_d
                0x0000000000478adc                m68k_op_move_16_ai_aw
                0x00000000004b0f34                m68k_op_clr_8_aw
                0x000000000047a208                m68k_op_move_16_frc_di
                0x00000000004b84e0                m68k_op_move_8_aw_aw
                0x000000000049ea78                m68k_op_movem_16_re_ai
                0x0000000000483cbc                m68k_op_move_32_d_i
                0x000000000049f83c                m68k_op_move_32_aw_ix
                0x00000000004b1774                m68k_op_bset_8_r_aw
                0x0000000000461508                m68k_op_sne_8_d
                0x00000000004ab9d4                m68k_op_cmpi_8_ai
                0x000000000048f4d0                m68k_op_chk_16_pcdi
                0x00000000004a1e50                m68k_op_divs_16_i
                0x00000000004a2318                m68k_op_cmp_16_i
                0x0000000000476ec4                m68k_op_cmpa_32_di
                0x0000000000462040                m68k_op_subx_32_rr
                0x000000000047a118                m68k_op_mull_32_ai
                0x0000000000479f08                m68k_op_tst_8_pcdi
                0x00000000004b4f5c                m68k_op_dbne_16
                0x0000000000484f94                m68k_op_and_32_er_i
                0x00000000004ad438                m68k_op_seq_8_di
                0x000000000047a0e0                m68k_op_mull_32_pcdi
                0x000000000045d75c                m68k_op_asl_8_r
                0x000000000046e4a4                m68k_op_or_32_er_ai
                0x000000000048bb20                m68k_op_cmpi_32_ix
                0x000000000047b5ec                m68k_op_subq_32_ix
                0x000000000047c64c                m68k_op_sgt_8_ix
                0x000000000049fedc                m68k_op_move_32_di_al
                0x00000000004b26ac                m68k_op_bchg_8_s_pi7
                0x00000000004760d4                m68k_op_suba_32_aw
                0x0000000000469e40                m68k_op_sls_8_ai
                0x0000000000482f24                m68k_op_ori_32_pi
                0x00000000004b832c                m68k_op_move_8_d_aw
                0x000000000046e968                m68k_op_cmp_32_ai
                0x000000000047a418                m68k_op_cas_32_ai
                0x0000000000488c80                m68k_op_bchg_8_r_al
                0x0000000000462218                m68ki_build_opcode_table
                0x00000000004690f4                m68k_op_sge_8_pi7
                0x000000000047633c                m68k_op_and_32_er_aw
                0x0000000000466478                m68k_op_ror_16_ai
                0x0000000000474280                m68k_op_subx_16_mm
                0x00000000004b5188                m68k_op_dbcc_16
                0x00000000004750c8                m68k_op_sub_16_er_pi
                0x000000000048d408                m68k_op_cmpa_16_al
                0x00000000004719ec                m68k_op_tst_32_pd
                0x000000000046e2e0                m68k_op_tst_32_ai
                0x0000000000490eb4                m68k_op_move_16_pi_pcix
                0x000000000048e000                m68k_op_muls_16_al
                0x0000000000478d00                m68k_op_cmp_16_aw
                0x0000000000469458                m68k_op_spl_8_ai
                0x000000000047a1a0                m68k_op_moves_8_aw
                0x000000000046456c                m68k_op_or_32_re_pd
                0x000000000045d00c                m68k_op_asr_8_s
                0x0000000000486780                m68k_op_subq_16_al
                0x0000000000479ec0                m68k_op_tst_32_pcix
                0x00000000004816fc                m68k_op_rte_32
                0x00000000004832bc                m68k_op_not_32_al
                0x00000000004b6234                m68k_op_add_32_er_pcdi
                0x0000000000480364                m68k_op_smi_8_ix
                0x00000000004a119c                m68k_op_link_16_a7
                0x000000000045f104                m68k_op_lsr_16_r
                0x00000000004698e4                m68k_op_sne_8_pd
                0x0000000000489ab0                m68k_op_move_8_ai_al
                0x000000000045fba8                m68k_op_neg_8_d
                0x000000000047a660                m68k_op_bfclr_32_ai
                0x000000000047a678                m68k_op_bfchg_32_aw
                0x000000000045ffdc                m68k_op_or_32_er_d
                0x000000000046b428                m68k_op_nbcd_8_ai
                0x00000000004a2570                m68k_op_clr_16_aw
                0x000000000048e474                m68k_op_move_16_pd_al
                0x00000000004a5674                m68k_op_subi_16_pi
                0x0000000000463374                m68k_op_move_32_pi_d
                0x0000000000488224                m68k_op_neg_8_al
                0x0000000000477aa0                m68k_op_or_16_er_pcdi
                0x000000000046909c                m68k_op_sge_8_pd
                0x0000000000489254                m68k_op_move_8_pd7_pcix
                0x000000000048993c                m68k_op_move_8_al_pcix
                0x000000000048e980                m68k_op_move_8_pd_ix
                0x00000000004b228c                m68k_op_bchg_8_s_aw
                0x0000000000471cf0                m68k_op_move_32_pd_pd
                0x000000000047a2a8                m68k_op_cmpi_32_pcix
                0x00000000004ab68c                m68k_op_btst_8_s_pd
                0x0000000000463b00                m68k_op_move_16_pd_d
                0x000000000046f0e8                m68k_op_adda_16_ai
                0x0000000000485e58                m68k_op_addi_32_ix
                0x000000000049b444                m68k_op_movem_32_er_ai
                0x0000000000470984                m68k_op_tst_8_pi7
                0x000000000047a130                m68k_op_moves_32_aw
                0x00000000004b068c                m68k_op_eori_8_aw
                0x0000000000494d24                m68k_op_divu_16_d
                0x00000000004aab84                m68k_op_add_16_re_di
                0x0000000000465fcc                m68k_op_roxr_16_ai
                0x00000000004612cc                m68k_op_st_8_d
                0x000000000046c634                m68k_op_bchg_8_r_pi7
                0x000000000046c3a8                m68k_op_bclr_8_r_pi
                0x00000000004aa0d4                m68k_op_and_16_re_aw
                0x0000000000489b70                m68k_op_and_8_er_pcix
                0x0000000000480cd4                m68k_op_move_32_ix_pcix
                0x00000000004600c8                m68k_op_ror_16_s
                0x00000000004adbb8                m68k_op_st_8_aw
                0x00000000004b2b2c                m68k_op_andi_8_aw
                0x0000000000485868                m68k_op_cmpi_32_aw
                0x00000000004836ec                m68k_op_move_32_al_pd
                0x000000000047da1c                m68k_op_jsr_32_ix
                0x0000000000469408                m68k_op_spl_8_pi
                0x0000000000488bcc                m68k_op_bclr_8_r_al
                0x000000000047a2e8                m68k_op_chk2cmp2_32_ix
                0x0000000000477700                m68k_op_cmp_32_di
                0x0000000000486ad8                m68k_op_rol_16_al
                0x000000000047a280                m68k_op_divl_32_di
                0x00000000004601e0                m68k_op_ror_8_r
                0x00000000004a213c                m68k_op_cmpi_16_d
                0x0000000000479fd0                m68k_op_trapcs_16
                0x0000000000495b94                m68k_op_and_16_er_ix
                0x00000000004a2eac                m68k_op_andi_32_di
                0x00000000004a6a0c                m68k_op_not_16_di
                0x00000000004679a8                m68k_op_and_16_re_pd
                0x0000000000484cb4                m68k_op_andi_32_pi
                0x0000000000475e98                m68k_op_sub_32_er_aw
                0x0000000000477060                m68k_op_move_32_pi_di
                0x000000000046e820                m68k_op_move_32_d_ai
                0x00000000004650c8                m68k_op_and_32_re_pi
                0x0000000000486e04                m68k_op_negx_16_al
                0x000000000046f518                m68k_op_move_16_pi_ai
                0x000000000047669c                m68k_op_move_8_pd7_di
                0x000000000047a140                m68k_op_moves_32_di
                0x00000000004a6784                m68k_op_or_16_re_aw
                0x0000000000479fa8                m68k_op_trappl_16
                0x000000000046bce0                m68k_op_clr_8_pd
                0x000000000047699c                m68k_op_move_8_pi7_di
                0x000000000047a3b8                m68k_op_chk_32_pd
                0x0000000000483a80                m68k_op_move_32_pd_i
                0x0000000000473c84                m68k_op_move_8_pi7_pd
                0x000000000046a33c                m68k_op_or_8_re_pd
                0x000000000048dbe4                m68k_op_040fpu1_32
                0x00000000004aeec4                m68k_op_movep_16_re
                0x000000000047a1f8                m68k_op_move_16_frc_aw
                0x000000000047a328                m68k_op_chk2cmp2_16_di
                0x00000000004a96f8                m68k_op_asl_16_aw
                0x0000000000468f6c                m68k_op_slt_8_pi7
                0x00000000004ac56c                m68k_op_subi_8_pd
                0x00000000004917a8                m68k_op_move_16_ix_ix
                0x000000000048d358                m68k_op_mulu_16_al
                0x00000000004a446c                m68k_op_cmpi_16_ix
                0x0000000000461730                m68k_op_smi_8_d
                0x000000000048428c                m68k_op_eori_32_ai
                0x0000000000480df0                m68k_op_move_32_pd_pcix
                0x0000000000469b58                m68k_op_scc_8_pd7
                0x0000000000478d9c                m68k_op_add_16_er_al
                0x00000000004aa344                m68k_op_addq_16_di
                0x0000000000460754                m68k_op_rol_32_r
                0x00000000004ac8a0                m68k_op_sub_8_re_aw
                0x000000000046e8a8                m68k_op_cmpa_32_ai
                0x0000000000460940                m68k_op_roxr_32_s
                0x0000000000483438                m68k_op_neg_32_al
                0x0000000000474540                m68k_op_cmpa_16_pd
                0x00000000004b2df8                m68k_op_andi_8_pd7
                0x000000000046d498                m68k_op_move_16_toc_d
                0x00000000004ab12c                m68k_op_btst_8_s_ix
                0x0000000000484ed8                m68k_op_and_32_re_al
                0x000000000045cefc                m68k_op_and_8_er_d
                0x00000000004792e0                m68k_op_adda_16_di
                0x000000000047a100                m68k_op_mull_32_di
                0x00000000004ab5d0                m68k_op_cmpi_8_pd
                0x0000000000488168                m68k_op_negx_8_al
                0x000000000046cf74                m68k_op_add_8_re_pd
                0x0000000000480134                m68k_op_tas_8_ix
                0x00000000004638d4                m68k_op_move_32_pd_a
                0x0000000000499ff8                m68k_op_muls_16_i
                0x00000000004621dc                m68k_op_tst_32_d
                0x0000000000469be4                m68k_op_scc_8_pi7
                0x0000000000463b9c                m68k_op_move_16_pi_a
                0x0000000000482b5c                m68k_op_sub_32_re_al
                0x00000000004761e4                m68k_op_move_32_pi_aw
                0x000000000045fdb0                m68k_op_negx_32_d
                0x0000000000467bb0                m68k_op_addq_16_pd
                0x00000000004af040                m68k_op_move_8_aw_i
                0x000000000045e698                m68k_op_clr_8_d
                0x00000000004a24c4                m68k_op_clr_32_di
                0x00000000004ab038                m68k_op_cmpi_8_ix
                0x00000000004a3c80                m68k_op_add_8_er_i
                0x00000000004a03fc                m68k_op_move_32_di_pi
                0x00000000004a34c4                m68k_op_addq_32_di
                0x00000000004b3410                m68k_op_btst_8_s_pcdi
                0x00000000004a8e08                m68k_op_lsr_16_di
                0x00000000004b2d00                m68k_op_andi_8_di
                0x0000000000468558                m68k_op_subq_8_pi7
                0x000000000048c8f0                m68k_op_sub_16_er_al
                0x00000000004ab214                m68k_op_move_8_pd_di
                0x0000000000479bb4                m68k_op_move_16_ai_di
                0x0000000000479234                m68k_op_movea_16_di
                0x000000000047a350                m68k_op_chk2cmp2_8_aw
                0x00000000004b6538                m68k_op_move_32_ix_pcdi
                0x000000000047a2f8                m68k_op_chk2cmp2_32_ai
                0x000000000049bccc                m68k_op_movem_32_re_al
                0x00000000004a4f28                m68k_op_cmpi_16_ai
                0x00000000004af9e0                m68k_op_move_8_di_al
                0x0000000000476528                m68k_op_sub_8_er_di
                0x000000000047a170                m68k_op_moves_16_ix
                0x0000000000460358                m68k_op_ror_32_r
                0x0000000000480c0c                m68k_op_or_32_er_pcix
                0x0000000000469340                m68k_op_spl_8_pd7
                0x000000000046d198                m68k_op_add_8_re_ai
                0x00000000004ab7dc                m68k_op_btst_8_s_pi7
                0x0000000000492740                m68k_op_divu_16_pd
                0x0000000000463e80                m68k_op_clr_16_pi
                0x000000000045c700                m68k_op_abcd_8_rr
                0x0000000000469b10                m68k_op_scs_8_ai
                0x000000000048d71c                m68k_op_tst_8_ix
                0x000000000047a2c8                m68k_op_cmpi_8_pcix
                0x00000000004713a0                m68k_op_sub_8_er_pi
                0x000000000048c5f4                m68k_op_040fpu0_32
                0x000000000046f960                m68k_op_cmp_8_pd7
                0x000000000047411c                m68k_op_adda_16_pd
                0x000000000047e098                m68k_op_add_8_re_ix
                0x0000000000473060                m68k_op_tst_8_pd
                0x0000000000497740                m68k_op_move_16_aw_pcdi
                0x00000000004af5e4                m68k_op_move_8_aw_pi
                0x00000000004b381c                m68k_op_move_16_tos_i
                0x000000000046e540                m68k_op_movea_32_ai
                0x0000000000494fb8                m68k_op_chk_16_ix
                0x000000000046b0ac                m68k_op_nbcd_8_pd
                0x000000000046067c                m68k_op_rol_16_r
                0x0000000000483f90                m68k_op_jmp_32_al
                0x0000000000460d88                m68k_op_roxl_16_s
                0x00000000004af818                m68k_op_move_8_ix_i
                0x0000000000499c18                m68k_op_negx_32_aw
                0x000000000047d36c                m68k_op_nbcd_8_ix
                0x0000000000475198                m68k_op_or_16_er_pi
                0x000000000049afc4                m68k_op_movem_32_er_di
                0x0000000000479f80                m68k_op_traple_16
                0x00000000004a0f20                m68k_op_move_16_ai_i
                0x000000000047ed8c                m68k_op_scs_8_ix
                0x00000000004621a0                m68k_op_tst_16_d
                0x00000000004ad544                m68k_op_sne_8_di
                0x0000000000468988                m68k_op_sub_8_re_pi
                0x000000000047a518                m68k_op_bftst_32_d
                0x00000000004695b8                m68k_op_svs_8_ai
                0x00000000004aad34                m68k_op_btst_8_s_al
                0x000000000047a060                m68k_op_trapf_32
                0x0000000000479f88                m68k_op_trapgt_16
                0x00000000004a1ab0                m68k_op_eor_32_di
                0x000000000047b940                m68k_op_ror_16_ix
                0x000000000046e020                m68k_op_move_8_pd_ai
                0x00000000004668e8                m68k_op_not_16_ai
                0x00000000004a58f8                m68k_op_sub_16_re_di
                0x000000000048393c                m68k_op_move_32_al_a
                0x000000000046a8bc                m68k_op_not_8_ai
                0x00000000004782b8                m68k_op_cmp_16_pcdi
                0x00000000004840e4                m68k_op_eori_32_pd
                0x0000000000468bcc                m68k_op_sle_8_pi7
                0x000000000048d574                m68k_op_cmpa_32_ix
                0x0000000000464be4                m68k_op_neg_32_pd
                0x00000000004a66b4                m68k_op_ori_16_ai
                0x00000000004897c4                m68k_op_or_8_er_pcix
                0x0000000000468e10                m68k_op_sgt_8_pi
                0x000000000049fca4                m68k_op_move_32_aw_a
                0x00000000004a4e34                m68k_op_move_16_di_ai
                0x00000000004653b8                m68k_op_addq_32_ai
                0x00000000004730d8                m68k_op_sub_8_er_pd
                0x0000000000463cd8                m68k_op_move_16_ai_a
                0x0000000000486ecc                m68k_op_neg_16_al
                0x00000000004b11fc                m68k_op_bset_8_s_ix
                0x000000000047a340                m68k_op_chk2cmp2_16_pcdi
                0x000000000048aa08                m68k_op_sub_32_er_al
                0x000000000047a560                m68k_op_bfins_32_ix
                0x0000000000462168                m68k_op_tst_8_d
                0x000000000047b3e4                m68k_op_cpscc_32
                0x00000000004add98                m68k_op_ori_8_aw
                0x000000000045ea78                m68k_op_cmpa_32_d
                0x00000000004b63d4                m68k_op_cmp_32_pcdi
                0x0000000000499ce4                m68k_op_negx_32_di
                0x00000000004914ec                m68k_op_suba_16_ix
                0x0000000000471ea8                m68k_op_move_32_ai_pd
                0x000000000045cc8c                m68k_op_addq_32_d
                0x0000000000461330                m68k_op_shi_8_d
                0x0000000000463764                m68k_op_move_16_frs_pi
                0x00000000004b3e70                m68k_op_suba_32_pcdi
                0x000000000047a698                m68k_op_bfchg_32_d
                0x00000000004a18ac                m68k_op_eori_16_d
                0x000000000047c810                m68k_op_move_16_ix_pcdi
                0x0000000000467168                m68k_op_lsr_16_ai
                0x0000000000466a50                m68k_op_negx_16_pi
                0x00000000004b34c4                m68k_op_ble_16
                0x000000000047a568                m68k_op_bfins_32_di
                0x000000000046a578                m68k_op_or_8_re_ai
                0x0000000000479394                m68k_op_sub_16_er_di
                0x0000000000498cbc                m68k_op_lea_32_pcdi
                0x00000000004a3fd4                m68k_op_move_16_aw_aw
                0x0000000000484818                m68k_op_cmpi_32_d
                0x000000000047a308                m68k_op_chk2cmp2_32_pcdi
                0x000000000047ec30                m68k_op_svc_8_ix
                0x0000000000479e98                m68k_op_unpk_16_mm_axy7
                0x00000000004ac640                m68k_op_subi_8_pi7
                0x00000000004ace50                m68k_op_sge_8_aw
                0x000000000045dc0c                m68k_op_bne_8
                0x000000000048d7d0                m68k_op_or_16_er_al
                0x00000000004872e0                m68k_op_asr_16_al
                0x000000000047a3f8                m68k_op_cas_32_ix
                0x0000000000487108                m68k_op_eor_16_al
                0x000000000049f3d0                m68k_op_move_16_frs_di
                0x000000000045f5b8                m68k_op_lsl_32_r
                0x00000000004a5750                m68k_op_subi_16_ai
                0x00000000004889cc                m68k_op_eor_8_al
                0x0000000000470e14                m68k_op_add_8_er_pi7
                0x00000000004a2fa4                m68k_op_andi_16_d
                0x000000000045ed6c                m68k_op_ext_16
                0x00000000004b1130                m68k_op_bset_8_s_aw
                0x0000000000469f48                m68k_op_shi_8_pi7
                0x000000000049ffd8                m68k_op_move_32_di_aw
                0x000000000048786c                m68k_op_sle_8_al
                0x000000000049f5e8                m68k_op_move_32_aw_i
                0x00000000004b2a5c                m68k_op_andi_8_al
                0x00000000004b649c                m68k_op_adda_32_pcdi
                0x00000000004649ac                m68k_op_negx_32_pd
                0x00000000004698ac                m68k_op_sne_8_pd7
                0x000000000047126c                m68k_op_move_8_ai_pi
                0x00000000004a17a8                m68k_op_eori_32_di
                0x000000000047a068                m68k_op_trapf_16
                0x00000000004686c0                m68k_op_subq_8_ai
                0x00000000004916a8                m68k_op_move_16_al_ix
                0x000000000047f4ac                m68k_op_move_16_ix_ai
                0x000000000045f9f8                m68k_op_moveq_32
                0x0000000000463634                m68k_op_clr_32_ai
                0x00000000004ab870                m68k_op_cmpi_8_pi
                0x000000000046353c                m68k_op_clr_32_pd
                0x00000000004a5ac8                m68k_op_roxl_16_di
                0x000000000046e768                m68k_op_move_32_ai_ai
                0x000000000049f778                m68k_op_move_32_aw_aw
                0x0000000000472e10                m68k_op_adda_32_pi
                0x00000000004a8b84                m68k_op_lsl_16_aw
                0x0000000000479fb8                m68k_op_trapvc_16
                0x0000000000471de0                m68k_op_move_32_pi_pd
                0x000000000048eb48                m68k_op_mulu_16_pcix
                0x0000000000483e7c                m68k_op_lea_32_al
                0x000000000047a508                m68k_op_bftst_32_di
                0x0000000000477a10                m68k_op_suba_16_pcdi
                0x00000000004893cc                m68k_op_sub_8_er_pcix
                0x000000000047a248                m68k_op_extb_32
                0x0000000000485f80                m68k_op_move_32_al_di
                0x00000000004856e8                m68k_op_add_32_er_i
                0x000000000047a238                m68k_op_link_32_a7
                0x00000000004afdf0                m68k_op_move_8_di_pd
                0x000000000047a460                m68k_op_cas_8_aw
                0x00000000004894b8                m68k_op_move_32_ix_al
                0x00000000004b3fc0                m68k_op_blt_16
                0x0000000000469c70                m68k_op_scc_8_ai
                0x00000000004ac3a8                m68k_op_subi_8_di
                0x000000000047a588                m68k_op_bfffo_32_pcdi
                0x00000000004699b4                m68k_op_sne_8_ai
                0x00000000004b2f74                m68k_op_andi_8_pi7
                0x000000000045e974                m68k_op_cmpa_16_d
                0x0000000000476bb4                m68k_op_move_8_pi_di
                0x0000000000467d38                m68k_op_addq_16_ai
                0x00000000004747f0                m68k_op_suba_16_pd
                0x000000000045f6e4                m68k_op_move_16_d_d
                0x00000000004b5cc4                m68k_op_dbls_16
                0x00000000004ac29c                m68k_op_subi_8_ix
                0x0000000000464e98                m68k_op_eor_32_pi
                0x000000000047a2b8                m68k_op_cmpi_16_pcix
                0x00000000004696c8                m68k_op_svc_8_pi
                0x0000000000472ca8                m68k_op_cmp_32_pi
                0x00000000004af900                m68k_op_move_8_di_i
                0x0000000000484b1c                m68k_op_andi_32_al
                0x0000000000478014                m68k_op_add_16_er_pcdi
                0x000000000047a0e8                m68k_op_mull_32_al
                0x0000000000488b1c                m68k_op_bset_8_r_al
                0x0000000000497800                m68k_op_move_16_di_pcdi
                0x0000000000484a9c                m68k_op_clr_16_al
                0x0000000000499798                m68k_op_or_32_re_aw
                0x000000000046b2f8                m68k_op_nbcd_8_pi
                0x000000000049e188                m68k_op_movem_16_re_ix
                0x0000000000482ff8                m68k_op_ori_32_ai
                0x0000000000465d58                m68k_op_roxl_16_ai
                0x000000000048f160                m68k_op_add_16_er_pcix
                0x000000000045f424                m68k_op_lsl_8_r
                0x00000000004a0db8                m68k_op_move_16_pd_i
                0x0000000000488874                m68k_op_move_8_al_ai
                0x000000000047cf9c                m68k_op_move_8_ix_pi7
                0x00000000004b4b00                m68k_op_dbpl_16
                0x00000000004a7304                m68k_op_movem_16_er_aw
                0x00000000004749fc                m68k_op_mulu_16_pd
                0x0000000000461f20                m68k_op_subx_8_rr
                0x0000000000464090                m68k_op_subq_32_pd
                0x000000000047a028                m68k_op_trapvc
                0x000000000047ea38                m68k_op_roxr_16_ix
                0x00000000004666c8                m68k_op_or_16_re_ai
                0x00000000004abc6c                m68k_op_movep_16_er
                0x0000000000469b94                m68k_op_scc_8_pd
                0x0000000000479954                m68k_op_muls_16_di
                0x00000000004738f8                m68k_op_sbcd_8_mm_ax7
                0x000000000045c9ac                m68k_op_add_32_er_a
                0x00000000004aea48                m68k_op_neg_8_di
                0x0000000000482c40                m68k_op_sub_32_er_i
                0x000000000047a188                m68k_op_moves_16_pi
                0x00000000004b7f1c                m68k_op_sub_8_er_aw
                0x00000000004a5378                m68k_op_subi_16_ix
                0x000000000049937c                m68k_op_ori_16_toc
                0x00000000004b46f8                m68k_op_move_8_pi7_pcdi
                0x000000000046f844                m68k_op_or_8_er_pd7
                0x000000000045e178                m68k_op_beq_32
                0x00000000004877a4                m68k_op_sub_8_re_al
                0x000000000047238c                m68k_op_subx_32_mm
                0x000000000048c428                m68k_op_movea_32_ix
                0x0000000000498518                m68k_op_add_8_er_pcdi
                0x000000000047a4f0                m68k_op_bftst_32_al
                0x0000000000473a50                m68k_op_move_8_pd_pd
                0x000000000046eb48                m68k_op_add_32_er_ai
                0x00000000004b4140                m68k_op_bmi_16
                0x00000000004699f8                m68k_op_scs_8_pd7
                0x000000000048e540                m68k_op_and_32_er_ix
                0x000000000047a4e8                m68k_op_bftst_32_pcdi
                0x0000000000490c54                m68k_op_move_16_al_pcix
                0x000000000046bf48                m68k_op_bset_8_r_pd
                0x00000000004b54f8                m68k_op_cmpa_32_pcdi
                0x00000000004843ec                m68k_op_eor_32_al
                0x000000000046ab54                m68k_op_negx_8_pi
                0x000000000047a3c0                m68k_op_chk_32_pi
                0x0000000000484974                m68k_op_cmp_32_i
                0x000000000047a088                m68k_op_trapt
                0x000000000047a240                m68k_op_illegal
                0x0000000000460898                m68k_op_roxr_16_s
                0x00000000004a90a8                m68k_op_eori_16_ix
                0x000000000049844c                m68k_op_btst_8_s_pcix
                0x0000000000482938                m68k_op_subi_32_ai
                0x000000000047a448                m68k_op_cas_16_pi
                0x000000000046c8ac                m68k_op_and_8_re_pd
                0x000000000048e884                m68k_op_move_8_al_ix
                0x00000000004a36bc                m68k_op_addi_32_di
                0x00000000004adabc                m68k_op_sf_8_aw
                0x00000000004abff4                m68k_op_subq_8_di
                0x00000000004708dc                m68k_op_move_8_ai_pi7
                0x00000000004b1490                m68k_op_bset_8_s_pd
                0x00000000004734c8                m68k_op_add_8_er_pd
                0x00000000004a5f64                m68k_op_ror_16_aw
                0x000000000045f7a0                m68k_op_move_32_d_d
                0x00000000004722b8                m68k_op_add_32_er_pd
                0x000000000047a260                m68k_op_divl_32_pcdi
                0x000000000047a5e8                m68k_op_bfextu_32_di
                0x000000000046f23c                m68k_op_cmpa_16_ai
                0x000000000046a194                m68k_op_st_8_pd
                0x000000000046d24c                m68k_op_abcd_8_mm_ay7
                0x000000000046a1d8                m68k_op_st_8_pi7
                0x000000000048ad38                m68k_op_move_32_pi_al
                0x000000000047a3d0                m68k_op_chk_32_d
                0x0000000000479eb0                m68k_op_unpk_16_rr
                0x000000000046c958                m68k_op_and_8_re_pi7
                0x00000000004b0ca4                m68k_op_eori_8_ai
                0x000000000045e9f4                m68k_op_cmpa_16_a
                0x00000000004a6e24                m68k_op_movem_16_er_al
                0x00000000004a29fc                m68k_op_bsr_16
                0x000000000045e7b4                m68k_op_cmp_16_d
                0x0000000000496490                m68k_op_addi_8_pi
                0x00000000004b12f4                m68k_op_bset_8_s_di
                0x00000000004a5da0                m68k_op_rol_16_aw
                0x00000000004785ec                m68k_op_suba_16_aw
                0x000000000047a490                m68k_op_cas_8_pi
                0x000000000048a674                m68k_op_move_32_tou
                0x0000000000475398                m68k_op_move_16_toc_pi
                0x00000000004a4234                m68k_op_move_16_aw_ix
                0x0000000000468b58                m68k_op_sle_8_pd
                0x0000000000479fb0                m68k_op_trapvs_16
                0x00000000004610d0                m68k_op_roxl_32_r
                0x000000000048cbc8                m68k_op_tst_16_al
                0x000000000047064c                m68k_op_move_8_pd_pi7
                0x00000000004680ec                m68k_op_tas_8_pd
                0x00000000004b42b0                m68k_op_bvs_16
                0x00000000004abb28                m68k_op_movep_32_er
                0x00000000004814b0                m68k_op_move_16_tos_ai
                0x0000000000477b44                m68k_op_adda_16_pcdi
                0x000000000045e458                m68k_op_ble_32
                0x00000000004a13f0                m68k_op_jsr_32_di
                0x000000000047a3a8                m68k_op_chk_32_ix
                0x000000000046deb0                m68k_op_and_8_er_ai
                0x000000000046981c                m68k_op_seq_8_pi
                0x00000000004abe38                m68k_op_tas_8_di
                0x00000000004b3590                m68k_op_bls_16
                0x0000000000491af0                m68k_op_cmpa_16_ix
                0x00000000004a685c                m68k_op_or_16_re_di
                0x00000000004ac7d4                m68k_op_subi_8_ai
                0x000000000049d8dc                m68k_op_movem_16_re_al
                0x00000000004b1900                m68k_op_bclr_8_s_al
                0x000000000046f064                m68k_op_movea_16_ai
                0x000000000048ba74                m68k_op_or_32_er_al
                0x00000000004b5de8                m68k_op_dble_16
                0x00000000004adb28                m68k_op_sf_8_di
                0x00000000004ad2b0                m68k_op_svc_8_aw
                0x000000000046b66c                m68k_op_move_8_pi_d
                0x000000000046fb10                m68k_op_add_8_er_pd7
                0x000000000047a020                m68k_op_trapvs
                0x000000000047a218                m68k_op_move_16_frc_pi
                0x00000000004aac74                m68k_op_cmpi_8_al
                0x00000000004986d4                m68k_op_subq_32_aw
                0x00000000004b21c4                m68k_op_bchg_8_s_al
                0x0000000000465018                m68k_op_and_32_re_pd
                0x0000000000463820                m68k_op_move_16_frs_ai
                0x00000000004a153c                m68k_op_jmp_32_di
                0x00000000004b3344                m68k_op_addq_8_aw
                0x000000000047a550                m68k_op_bfins_32_al
                0x0000000000491cdc                m68k_op_adda_16_ix
                0x0000000000469d7c                m68k_op_sls_8_pi7
                0x000000000047a5d0                m68k_op_bfextu_32_al
                0x0000000000468dc0                m68k_op_sgt_8_pi7
                0x000000000049f4d8                m68k_op_move_16_toc_i
                0x000000000046a040                m68k_op_sf_8_pd7
                0x000000000048ec14                m68k_op_adda_16_pcix
                0x000000000047a058                m68k_op_traphi
                0x00000000004724b0                m68k_op_addx_32_mm
                0x000000000047a6a0                m68k_op_divs_16_d
                0x000000000048abc4                m68k_op_cmp_32_al
                0x00000000004615e0                m68k_op_svc_8_d
                0x000000000045fcc0                m68k_op_negx_8_d
                0x000000000048e0b8                m68k_op_move_16_ai_al
                0x00000000004b6b30                m68k_op_move_8_pd_aw
                0x0000000000470bbc                m68k_op_cmpm_8_axy7
                0x0000000000487af8                m68k_op_spl_8_al
                0x00000000004871dc                m68k_op_asl_16_al
                0x000000000046aefc                m68k_op_neg_8_ai
                0x000000000046c770                m68k_op_bchg_8_r_ai
                0x000000000046bd5c                m68k_op_clr_8_pi7
                0x00000000004725d4                m68k_op_tst_32_pi
                0x0000000000469138                m68k_op_sge_8_pi
                0x000000000046e23c                m68k_op_move_8_pi7_ai
                0x000000000045cdd0                m68k_op_addx_16_rr
                0x000000000048ae04                m68k_op_btst_8_r_al
                0x000000000046fd94                m68k_op_sbcd_8_mm_axy7
                0x00000000004a04f8                m68k_op_move_32_di_ai
                0x00000000004b326c                m68k_op_and_8_re_di
                0x00000000004709e8                m68k_op_sub_8_er_pi7
                0x000000000047886c                m68k_op_move_16_d_aw
                0x000000000046b5e8                m68k_op_move_8_pd7_d
                0x0000000000480fac                m68k_op_cpgen_32
                0x00000000004b2540                m68k_op_bchg_8_s_pd7
                0x00000000004a9ae8                m68k_op_andi_16_al
                0x000000000048bce4                m68k_op_move_8_d_ix
                0x000000000046b788                m68k_op_move_8_ai_ai
                0x000000000045de14                m68k_op_bge_8
                0x0000000000479eb8                m68k_op_tst_32_i
                0x00000000004acd2c                m68k_op_slt_8_aw
                0x000000000047a4c8                m68k_op_callm_32_di
                0x000000000047d944                m68k_op_move_8_ai_pcix
                0x0000000000468e74                m68k_op_sgt_8_ai
                0x0000000000472854                m68k_op_movea_32_pi
                0x00000000004853e0                m68k_op_addi_32_ai
                0x0000000000499668                m68k_op_ori_16_d
                0x00000000004882c8                m68k_op_nbcd_8_al
                0x00000000004731a0                m68k_op_or_8_er_pd
                0x0000000000466b10                m68k_op_negx_16_ai
                0x0000000000489a1c                m68k_op_move_32_d_al
                0x000000000047a198                m68k_op_moves_8_al
                0x0000000000475f64                m68k_op_move_32_pd_aw
                0x0000000000482d04                m68k_op_pea_32_al
                0x000000000049e604                m68k_op_movem_16_re_di
                0x0000000000474ed8                m68k_op_cmpm_16
                0x0000000000499a8c                m68k_op_not_32_aw
                0x00000000004b807c                m68k_op_add_8_er_aw
                0x000000000048cc48                m68k_op_move_32_ai_ix
                0x00000000004b60c0                m68k_op_cmp_8_pcdi
                0x000000000046952c                m68k_op_svs_8_pi7
                0x000000000045dbb4                m68k_op_bcs_8
                0x0000000000466c6c                m68k_op_neg_16_pi
                0x000000000047a3e0                m68k_op_cas2_16
                0x000000000046efc4                m68k_op_move_16_toc_ai
                0x0000000000482e50                m68k_op_ori_32_pd
                0x00000000004a39d4                m68k_op_add_32_re_aw
                0x00000000004b97cc                m68k_op_move_16_tos_di
                0x000000000048c21c                m68k_op_adda_32_ix
                0x00000000004a3898                m68k_op_addi_8_d
                0x00000000004b31b0                m68k_op_and_8_re_aw
                0x0000000000478c44                m68k_op_move_16_pd_aw
                0x0000000000461d34                m68k_op_subq_8_d
                0x000000000048a8a8                m68k_op_cmp_8_pcix
                0x000000000046937c                m68k_op_spl_8_pd
                0x000000000047d6b4                m68k_op_sub_16_re_ix
                0x000000000048241c                m68k_op_adda_32_pcix
                0x00000000004a00c4                m68k_op_move_32_di_ix
                0x000000000048cd40                m68k_op_move_16_pi_al
                0x0000000000475d64                m68k_op_movea_32_aw
                0x00000000004b0278                m68k_op_move_8_pd_i
                0x00000000004b1e00                m68k_op_bclr_8_s_pi7
                0x000000000047a348                m68k_op_chk2cmp2_8_al
                0x00000000004a50b8                m68k_op_subq_16_di
                0x00000000004663b0                m68k_op_ror_16_pi
                0x000000000046968c                m68k_op_svc_8_pi7
                0x0000000000468038                m68k_op_tas_8_pd7
                0x00000000004837b4                m68k_op_move_32_al_pi
                0x000000000045d1f0                m68k_op_asr_8_r
                0x000000000047d5d4                m68k_op_cmp_32_pcix
                0x000000000046c454                m68k_op_bclr_8_r_ai
                0x0000000000472b50                m68k_op_move_32_d_pi
                0x000000000047a228                m68k_op_move_16_frc_d
                0x0000000000486f78                m68k_op_lsl_16_al
                0x00000000004673ac                m68k_op_eor_16_ai
                0x000000000047a520                m68k_op_bfset_32_al
                0x000000000046ed14                m68k_op_sub_16_er_ai
                0x000000000045c7bc                m68k_op_add_8_er_d
                0x0000000000468330                m68k_op_tas_8_ai
                0x000000000047a5f0                m68k_op_bfextu_32_ai
                0x000000000047a320                m68k_op_chk2cmp2_16_ix
                0x00000000004632d4                m68k_op_move_32_pi_a
                0x0000000000460030                m68k_op_ror_8_s
                0x000000000049fa3c                m68k_op_move_32_aw_pd
                0x0000000000466838                m68k_op_not_16_pi
                0x000000000047a5a0                m68k_op_bfffo_32_ix
                0x000000000045e720                m68k_op_clr_32_d
                0x000000000047a128                m68k_op_moves_32_al
                0x000000000047a5c0                m68k_op_bfextu_32_pcix
                0x000000000045e8f8                m68k_op_cmp_32_a
                0x0000000000479fa0                m68k_op_trapmi_16
                0x0000000000487e9c                m68k_op_shi_8_al
                0x00000000004a083c                m68k_op_move_16_aw_i
                0x00000000004692f8                m68k_op_smi_8_ai
                0x00000000004992e4                m68k_op_pea_32_di
                0x00000000004956a4                m68k_op_move_16_pd_ix
                0x0000000000467a58                m68k_op_and_16_re_pi
                0x00000000004757bc                m68k_op_cmpa_16_pi
                0x0000000000479ed8                m68k_op_tst_16_i
                0x000000000045fa3c                m68k_op_muls_16_d
                0x00000000004b48c8                m68k_op_dbge_16
                0x000000000047a1f0                m68k_op_move_16_frc_al
                0x0000000000460be4                m68k_op_roxr_32_r
                0x0000000000491168                m68k_op_tst_16_ix
                0x0000000000487a10                m68k_op_sge_8_al
                0x00000000004a2cf0                m68k_op_andi_16_toc
                0x00000000004a6208                m68k_op_ori_16_aw
                0x000000000045fe20                m68k_op_nop
                0x0000000000460534                m68k_op_rol_32_s
                0x00000000004a2b40                m68k_op_bra_16
                0x0000000000479ed0                m68k_op_tst_32_a
                0x0000000000479f48                m68k_op_trapvc_32
                0x000000000048f404                m68k_op_cmp_16_pcix
                0x0000000000460fd4                m68k_op_roxl_16_r
                0x0000000000480b14                m68k_op_sub_32_er_pcix
                0x000000000045e650                m68k_op_btst_32_r_d
                0x000000000049623c                m68k_op_addi_8_pd7
                0x000000000047b1dc                m68k_op_cptrapcc_32
                0x0000000000485588                m68k_op_adda_32_i
                0x00000000004978ec                m68k_op_movem_16_er_pcix
                0x0000000000483b5c                m68k_op_move_32_pi_i
                0x000000000046399c                m68k_op_move_32_pd_d
                0x00000000004a9924                m68k_op_asr_16_aw
                0x000000000047a010                m68k_op_trapmi
                0x000000000047c238                m68k_op_lsr_16_ix
                0x0000000000487f80                m68k_op_st_8_al
                0x00000000004a3abc                m68k_op_add_32_re_di
                0x0000000000493018                m68k_op_divu_16_pi
                0x0000000000479ee0                m68k_op_tst_16_pcix
                0x000000000047a430                m68k_op_cas_16_ix
                0x00000000004b076c                m68k_op_eori_8_ix
                0x000000000048a018                m68k_op_add_8_er_pcix
                0x0000000000486920                m68k_op_roxl_16_al
                0x0000000000473dec                m68k_op_addx_8_mm
                0x000000000047fc1c                m68k_op_move_8_ix_d
                0x0000000000488f68                m68k_op_add_8_re_al
                0x00000000004b0a3c                m68k_op_eori_8_pd
                0x0000000000467c74                m68k_op_addq_16_pi
                0x0000000000469f90                m68k_op_shi_8_pi
                0x00000000004866c0                m68k_op_move_16_al_ai
                0x0000000000469968                m68k_op_sne_8_pi
                0x0000000000498ff0                m68k_op_sub_32_re_di
                0x000000000047f5a8                m68k_op_slt_8_ix
                0x000000000047a080                m68k_op_trapt_16
                0x00000000004880b4                m68k_op_not_8_al
                0x00000000004acb08                m68k_op_sle_8_di
                0x000000000045e224                m68k_op_bvs_32
                0x00000000004b66d0                m68k_op_move_32_ai_pcdi
                0x0000000000483370                m68k_op_negx_32_al
                0x00000000004b4080                m68k_op_bge_16
                0x0000000000478ffc                m68k_op_cmpa_16_di
                0x0000000000479ff8                m68k_op_trapgt
                0x0000000000460800                m68k_op_roxr_8_s
                0x000000000047a1b8                m68k_op_moves_8_pd7
                0x000000000046a0b4                m68k_op_sf_8_pi7
                0x00000000004658b0                m68k_op_subq_16_ai
                0x0000000000463fd8                m68k_op_rts_32
                0x0000000000477480                m68k_op_move_32_pd_di
                0x000000000049fd50                m68k_op_move_32_aw_d
                0x0000000000475240                m68k_op_mulu_16_pi
                0x000000000047abac                m68k_op_move_32_fru
                0x0000000000470794                m68k_op_move_8_pi_pi7
                0x000000000045cb0c                m68k_op_adda_32_a
                0x0000000000467f7c                m68k_op_add_16_re_ai
                0x0000000000480a5c                m68k_op_suba_32_pcix
                0x0000000000485c4c                m68k_op_eori_32_ix
                0x000000000048ecd4                m68k_op_suba_16_pcix
                0x0000000000482ae0                m68k_op_suba_32_i
                0x000000000047c574                m68k_op_move_32_ix_d
                0x00000000004809b8                m68k_op_seq_8_ix
                0x00000000004720c0                m68k_op_cmp_32_pd
                0x000000000047713c                m68k_op_add_8_er_di
                0x000000000049ab30                m68k_op_movem_32_er_ix
                0x000000000046ac08                m68k_op_negx_8_ai
                0x0000000000484358                m68k_op_eori_32_d
                0x000000000046dcfc                m68k_op_move_8_d_ai
                0x0000000000483d38                m68k_op_move_16_al_a
                0x0000000000479ef0                m68k_op_tst_16_a
                0x0000000000486d4c                m68k_op_not_16_al
                0x000000000048753c                m68k_op_add_16_re_al
                0x0000000000487fe4                m68k_op_or_8_re_al
                0x0000000000479fc8                m68k_op_trapne_16
                0x0000000000485b60                m68k_op_move_32_ix_i
                0x00000000004b6c00                m68k_op_move_8_pd7_aw
                0x0000000000472a90                m68k_op_move_32_ai_pi
                0x0000000000469a84                m68k_op_scs_8_pi7
                0x0000000000499dd4                m68k_op_neg_32_aw
                0x0000000000479178                m68k_op_move_16_d_di
                0x0000000000483c10                m68k_op_move_32_ai_i
                0x00000000004a6128                m68k_op_ori_16_al
                0x000000000045fd34                m68k_op_negx_16_d
                0x00000000004a15e0                m68k_op_eori_16_toc
                0x00000000004b7e70                m68k_op_cmp_8_aw
                0x0000000000487b68                m68k_op_svs_8_al
                0x000000000046415c                m68k_op_subq_32_pi
                0x00000000004a23ac                m68k_op_cmp_8_i
                0x000000000049c120                m68k_op_movem_32_re_aw
                0x000000000046db30                m68k_op_tst_8_ai
                0x00000000004841b8                m68k_op_eori_32_pi
                0x00000000004b81d8                m68k_op_move_8_pi7_aw
                0x00000000004b20e8                m68k_op_bclr_8_r_di
                0x0000000000468d5c                m68k_op_sgt_8_pd
                0x000000000046cbf0                m68k_op_addq_8_pd
                0x00000000004b58a0                m68k_op_btst_8_r_pcdi
                0x0000000000495d84                m68k_op_addq_8_di
                0x00000000004aa604                m68k_op_addi_16_ix
                0x0000000000461fac                m68k_op_subx_16_rr
                0x0000000000498d44                m68k_op_jsr_32_pcdi
                0x00000000004683f0                m68k_op_subq_8_pd7
                0x00000000004a4774                m68k_op_cmpi_16_di
                0x00000000004957a4                m68k_op_cmp_16_ix
                0x000000000047a0b0                m68k_op_pack_16_mm_axy7
                0x000000000045e010                m68k_op_bls_32
                0x000000000047a1d8                m68k_op_moves_8_ai
                0x000000000045d0b0                m68k_op_asr_16_s
                0x000000000047a2d8                m68k_op_chk2cmp2_32_al
                0x000000000046e354                m68k_op_suba_32_ai
                0x0000000000474954                m68k_op_or_16_er_pd
                0x0000000000468fb0                m68k_op_slt_8_pi
                0x00000000004759ec                m68k_op_adda_16_pi
                0x00000000004af1c8                m68k_op_move_8_aw_ix
                0x00000000004a33e8                m68k_op_addq_32_aw
                0x00000000004a6bb0                m68k_op_negx_16_di
                0x000000000046a24c                m68k_op_st_8_ai
                0x000000000046ee7c                m68k_op_mulu_16_ai
                0x000000000047a0c0                m68k_op_pack_16_mm_ax7
                0x000000000048f254                m68k_op_move_16_ai_pcix
                0x00000000004b7888                m68k_op_andi_16_tos
                0x00000000004b85b8                m68k_op_or_8_er_aw
                0x0000000000461ce8                m68k_op_suba_32_a
                0x00000000004729c8                m68k_op_move_32_pi_pi
                0x000000000047a548                m68k_op_bfset_32_d
                0x000000000048b620                m68k_op_btst_8_r_ix
                0x0000000000461998                m68k_op_sub_8_er_d